<?xml version="1.0" encoding="UTF-8" standalone="no"?>
<!--
  #START_LICENSE#
  smp-webapp
  %%
  Copyright (C) 2017 - 2023 European Commission | eDelivery | DomiSMP
  %%
  Licensed under the EUPL, Version 1.2 or â€“ as soon they will be approved by the European Commission - subsequent
  versions of the EUPL (the "Licence");
  You may not use this work except in compliance with the Licence.
  You may obtain a copy of the Licence at:
  
  [PROJECT_HOME]\license\eupl-1.2\license.txt or https://joinup.ec.europa.eu/collection/eupl/eupl-text-eupl-12
  
  Unless required by applicable law or agreed to in writing, software distributed under the Licence is
  distributed on an "AS IS" basis, WITHOUT WARRANTIES OR CONDITIONS OF ANY KIND, either express or implied.
  See the Licence for the specific language governing permissions and limitations under the Licence.
  #END_LICENSE#
  -->
<SignedServiceMetadata xmlns="http://docs.oasis-open.org/bdxr/ns/SMP/2016/05"><ServiceMetadata>
    <ServiceInformation>
        <ParticipantIdentifier scheme="ehealth-actorid-qns">urn:australia:ncpb</ParticipantIdentifier>
        <DocumentIdentifier scheme="ehealth-resid-qns">urn::epsos##services:extended:epsos::107</DocumentIdentifier>
        <ProcessList>
            <Process>
                <ProcessIdentifier scheme="ehealth-procid-qns">urn:epsosPatientService::List</ProcessIdentifier>
                <ServiceEndpointList>
                    <Endpoint transportProfile="urn:ihe:iti:2013:xcpd">
                        <EndpointURI>http://poland.pl/ncp/patient/list</EndpointURI>
                        <RequireBusinessLevelSignature>false</RequireBusinessLevelSignature>
                        <MinimumAuthenticationLevel>urn:epSOS:loa:1</MinimumAuthenticationLevel>
                        <ServiceActivationDate>2016-06-06T11:06:02.000+02:00</ServiceActivationDate>
                        <ServiceExpirationDate>2026-06-06T11:06:02+02:00</ServiceExpirationDate>
                        <Certificate>MIID7jCCA1egAwIBAgICA+YwDQYJKoZIhvcNAQENBQAwOjELMAkGA1UEBhMCRlIxEzARBgNVBAoMCklIRSBFdXJvcGUxFjAUBgNVBAMMDUlIRSBFdXJvcGUgQ0EwHhcNMTYwNjAxMTQzNTUzWhcNMjYwNjAxMTQzNTUzWjCBgzELMAkGA1UEBhMCUFQxDDAKBgNVBAoMA01vSDENMAsGA1UECwwEU1BNUzENMAsGA1UEKgwESm9hbzEOMAwGA1UEBRMFQ3VuaGExHTAbBgNVBAMMFHFhZXBzb3MubWluLXNhdWRlLnB0MRkwFwYDVQQMDBBTZXJ2aWNlIFByb3ZpZGVyMIIBIjANBgkqhkiG9w0BAQEFAAOCAQ8AMIIBCgKCAQEA1eN4qPSSRZqjVFG9TlcPlxf2WiSimQK9L1nf9Z/s0ezeGQjCukDeDq/Wzqd9fpHhaMMq+XSSOtyEtIr5K/As4kFrViONUUkG12J6UllSWogp0NYFwA4wIqKSFiTnQS5/nRTs05oONCCGILCyJNNeO53JzPlaq3/QbPLssuSAr6XucPE8wBBGM8b/TsB2G/zjG8yuSTgGbhaZekq/Vnf9ftj1fr/vJDDAQgH6Yvzd88Z0DACJPHfW1p4F/OWLI386Bq7g/bo1DUPAyEwlf+CkLgJWRKki3yJlOCIZ9enMA5O7rfeG3rXdgYGmWS7tNEgKXxgC+heiYvi7ZWd7M+/SUwIDAQABo4IBMzCCAS8wPgYDVR0fBDcwNTAzoDGgL4YtaHR0cHM6Ly9nYXplbGxlLmloZS5uZXQvcGtpL2NybC82NDMvY2FjcmwuY3JsMDwGCWCGSAGG+EIBBAQvFi1odHRwczovL2dhemVsbGUuaWhlLm5ldC9wa2kvY3JsLzY0My9jYWNybC5jcmwwPAYJYIZIAYb4QgEDBC8WLWh0dHBzOi8vZ2F6ZWxsZS5paGUubmV0L3BraS9jcmwvNjQzL2NhY3JsLmNybDAfBgNVHSMEGDAWgBTsMw4TyCJeouFrr0N7el3Sd3MdfjAdBgNVHQ4EFgQU1GQ/K1ykIwWFgiONzWJLQzufF/8wDAYDVR0TAQH/BAIwADAOBgNVHQ8BAf8EBAMCBSAwEwYDVR0lBAwwCgYIKwYBBQUHAwEwDQYJKoZIhvcNAQENBQADgYEAZ7t1Qkr9wz3q6+WcF6p/YX7Jr0CzVe7w58FvJFk2AsHeYkSlOyO5hxNpQbs1L1v6JrcqziNFrh2QKGT2v6iPdWtdCT8HBLjmuvVWxxnfzYjdQ0J+kdKMAEV6EtWU78OqL60CCtUZKXE/NKJUq7TTUCFP2fwiARy/t1dTD2NZo8c=</Certificate>
                        <ServiceDescription>This is the epSOS Patient Service List for the Polish NCP</ServiceDescription>
                        <TechnicalContactUrl>http://poland.pl/contact</TechnicalContactUrl>
                        <TechnicalInformationUrl>http://poland.pl/contact</TechnicalInformationUrl>
                    </Endpoint>
                </ServiceEndpointList>
            </Process>
        </ProcessList>
        <Extension><Signature xmlns="http://www.w3.org/2000/09/xmldsig#"><SignedInfo><CanonicalizationMethod Algorithm="http://www.w3.org/TR/2001/REC-xml-c14n-20010315"/><SignatureMethod Algorithm="http://www.w3.org/2000/09/xmldsig#rsa-sha1"/><Reference URI=""><Transforms><Transform Algorithm="http://www.w3.org/2000/09/xmldsig#enveloped-signature"/></Transforms><DigestMethod Algorithm="http://www.w3.org/2001/04/xmlenc#sha256"/><DigestValue>ktNWJpYkSpjbs9tfoWJhd3fXu2FX4dYwqmHSRCDSpnA=</DigestValue></Reference></SignedInfo><SignatureValue>HYfVB7GzX7olZC5/+k5E6lgudABa/ZP/jSEVFhSCohUAghVXjZdJScTsa0t5essJr41HuZmV/ufL
GD8BJN6GXzTDYXwZcFrWU8JZZ7Bm9gdly+hKz+6E8M6rXZp07K3xHi8WEcgBD0eXnVD3b4b8vmTz
QVOEOW8r4V0wyizZjYw=</SignatureValue><KeyInfo><X509Data><X509SubjectName>CN=Sample National Infrastructure,OU=Sante,C=PT</X509SubjectName><X509Certificate>MIICAzCCAWygAwIBAgIEWCRzHjANBgkqhkiG9w0BAQsFADBGMQswCQYDVQQGEwJQVDEOMAwGA1UE
CwwFU2FudGUxJzAlBgNVBAMMHlNhbXBsZSBOYXRpb25hbCBJbmZyYXN0cnVjdHVyZTAeFw0xNjEx
MTAxMzE2NTBaFw0yNjExMTAxMzE2NTBaMEYxCzAJBgNVBAYTAlBUMQ4wDAYDVQQLDAVTYW50ZTEn
MCUGA1UEAwweU2FtcGxlIE5hdGlvbmFsIEluZnJhc3RydWN0dXJlMIGfMA0GCSqGSIb3DQEBAQUA
A4GNADCBiQKBgQCywt50WXEWIiWytRGcMqzeMM/EyxruNthPdiUEUTbs9un7lzGGjpfFMTgd83wJ
haB6FgpaVd8V2w/JBdkim5Ltuhu2vA0d6hHOsa58neIfe4z1ZhswwNmB0+mDTjwnd/gg8IJyQhhY
c5G4x7m0ZGdDKZDizjtDTEPTsl8D4FzBFwIDAQABMA0GCSqGSIb3DQEBCwUAA4GBACKxUpAx0PYm
ZZi4DfAzBkQ0+CvQw/l6Yo8wonVdpcQXO3khpWIcXhgYhTLHwm8IwJLEyFatmMyCKklSA3CLebJU
L4XH1GcdCg6oPKPUc+ovbgN7/iR265Elp4qHfpVteBijBTyZReH4oAK9hRhK1gLwtjI7vpjVaPXv
vkV1fbrz</X509Certificate></X509Data></KeyInfo></Signature></Extension>
    </ServiceInformation>
</ServiceMetadata><Signature xmlns="http://www.w3.org/2000/09/xmldsig#"><SignedInfo><CanonicalizationMethod Algorithm="http://www.w3.org/TR/2001/REC-xml-c14n-20010315"/><SignatureMethod Algorithm="http://www.w3.org/2001/04/xmldsig-more#rsa-sha256"/><Reference URI=""><Transforms><Transform Algorithm="http://www.w3.org/2000/09/xmldsig#enveloped-signature"/></Transforms><DigestMethod Algorithm="http://www.w3.org/2001/04/xmlenc#sha256"/><DigestValue>j8vRLAhXW/fjnUp8mFVJg+OI7Q7jF0uCfoO5CvYRzXw=</DigestValue></Reference></SignedInfo><SignatureValue>OhRTBptTtmULrSbE2Rq3H2VP+VFfaA2WEkDSJ2BsUPK1bs6bWLokxR7DsBJgZmCkmINZqCI56S8J
SuXjHhqyxs+LlFc9UJaqW7wXJeTCjtSTaMoGMbbZj/1D51OuW2F5Iz2sLs/V1nlKNrk5NHgWiXWF
+jkshqkm+uhrDtNbv6Y=</SignatureValue><KeyInfo><X509Data><X509SubjectName>CN=SMP Mock Services,OU=DIGIT,O=European Commision,C=BE</X509SubjectName><X509Certificate>MIICIzCCAYygAwIBAgIEWCRzfjANBgkqhkiG9w0BAQsFADBWMQswCQYDVQQGEwJCRTEbMBkGA1UE
CgwSRXVyb3BlYW4gQ29tbWlzaW9uMQ4wDAYDVQQLDAVESUdJVDEaMBgGA1UEAwwRU01QIE1vY2sg
U2VydmljZXMwHhcNMTYxMTEwMTMxODE4WhcNMjYxMTEwMTMxODE4WjBWMQswCQYDVQQGEwJCRTEb
MBkGA1UECgwSRXVyb3BlYW4gQ29tbWlzaW9uMQ4wDAYDVQQLDAVESUdJVDEaMBgGA1UEAwwRU01Q
IE1vY2sgU2VydmljZXMwgZ8wDQYJKoZIhvcNAQEBBQADgY0AMIGJAoGBALrpN2GGqctPTP27g+zA
DCmQxdOZgDQg5AeF/N5w0knZYy1GnqvAoXgLGHeS1l+2DKx4/E6SlcU6SLIGhVtpF+Gitdp+3to2
6FfV5qcCy4XKz1xm19r84ykXPWD835DbGB7o1HSlKx4+GmAr5eL2VH/zgINcJojam3gimvedoNWj
AgMBAAEwDQYJKoZIhvcNAQELBQADgYEAXoh7T9eYOdjasnzPfsTeQ1ptEorj4pIZMRFjn2BWl+mZ
K4XRn2+doLjN2dHremGyeKBgLb0Ulp9E9I5P8kxuIs7TjroxZofK9ixhfBv5rJhLcHy8XdrUYqAS
awc3c5bM9fNxRWCMkNYNoSYVxPBdlS4zEeLNNzRY+wjrMNYIJR4=</X509Certificate></X509Data></KeyInfo></Signature></SignedServiceMetadata>
